Name:Weight (lbs)
LA:175
Ash:210
Jorge:185
Emily:125
Jack:215
