==> tests/inputs/empty.txt <==

==> tests/inputs/one.txt <==
Ã–
==> tests/inputs/three.txt <==
Th
==> tests/inputs/two.txt <==
Tw