==> tests/inputs/empty.txt <==

==> tests/inputs/one.txt <==
Ã
==> tests/inputs/three.txt <==
T
==> tests/inputs/two.txt <==
T