==> tests/inputs/empty.txt <==

==> tests/inputs/one.txt <==
Ã–ne
==> tests/inputs/three.txt <==
Thre
==> tests/inputs/two.txt <==
Two 