==> tests/inputs/empty.txt <==

==> tests/inputs/one.txt <==
Ã–ne line, four words.

==> tests/inputs/three.txt <==
Three

==> tests/inputs/two.txt <==
Two lines.
