==> tests/inputs/one.txt <==
Ã–ne line, four words.

==> tests/inputs/two.txt <==
Two lines.
