==> tests/inputs/empty.txt <==

==> tests/inputs/one.txt <==
Ã–ne line, four words.

==> tests/inputs/three.txt <==
Three
lines,
four words.

==> tests/inputs/two.txt <==
Two lines.
Four words.
