Author,Title
Ã‰mile Zola,La Confession de Claude
Samuel Beckett,Waiting for Godot
Jules Verne,"20,000 Leagues Under the Sea"
