Lead your life so you wouldn't be ashamed to sell the family parrot to the town gossip.
-- Will Rogers
%
Even if you're on the right track, you'll get run over if you just sit there.
-- Will Rogers
%
Some people try to turn back their odometers. Not me, I want people to know 'why' I look this way. I've traveled a long way and some of the roads weren't paved.
-- Will Rogers
%
As Will Rogers would have said, "There is no such things as a free variable."
%
I belong to no organized party. I am a Democrat.
-- Will Rogers
%
It's not what we don't know that gets us into trouble, it's what we know that ain't so.
-- Will Rogers
%
The best way to make a fire with two sticks is to make sure one of them
is a match.
		-- Will Rogers
%
Things will get better despite our efforts to improve them.
		-- Will Rogers
%
Will Rogers never met you.
%
